# HELP dellfans_fan_setpoint_percent Current chassis fan setpoint commanded by controller.
# TYPE dellfans_fan_setpoint_percent gauge
dellfans_fan_setpoint_percent 36

# HELP dellfans_base_speed_percent EWMA-smoothed baseline fan speed (24-48h adaptation).
# TYPE dellfans_base_speed_percent gauge
dellfans_base_speed_percent 20.0240

# HELP dellfans_samples_total Number of decision cycles since controller start.
# TYPE dellfans_samples_total counter
dellfans_samples_total 3

# HELP dellfans_emergency_active Whether the controller is in emergency state (1=yes, 0=no).
# TYPE dellfans_emergency_active gauge
dellfans_emergency_active 0

# HELP dellfans_class_temp_celsius Max temperature observed for a hardware class this cycle.
# TYPE dellfans_class_temp_celsius gauge
dellfans_class_temp_celsius{class="cpu"} 72
dellfans_class_temp_celsius{class="passive_gpu"} 0
dellfans_class_temp_celsius{class="active_gpu"} 0
dellfans_class_temp_celsius{class="hdd"} 0
dellfans_class_temp_celsius{class="ssd"} 0

# HELP dellfans_class_target_celsius Per-class target temperature (deadband center) or assist threshold.
# TYPE dellfans_class_target_celsius gauge
dellfans_class_target_celsius{class="cpu"} 70
dellfans_class_target_celsius{class="passive_gpu"} 83
dellfans_class_target_celsius{class="active_gpu"} 78
dellfans_class_target_celsius{class="hdd"} 40
dellfans_class_target_celsius{class="ssd"} 50

# HELP dellfans_class_emergency_celsius Per-class emergency threshold — instant fans=100%.
# TYPE dellfans_class_emergency_celsius gauge
dellfans_class_emergency_celsius{class="cpu"} 80
dellfans_class_emergency_celsius{class="passive_gpu"} 90
dellfans_class_emergency_celsius{class="active_gpu"} 88
dellfans_class_emergency_celsius{class="hdd"} 50
dellfans_class_emergency_celsius{class="ssd"} 65

# HELP dellfans_class_candidate_percent Per-class PID candidate fan speed. max() across all classes drives fans.
# TYPE dellfans_class_candidate_percent gauge
dellfans_class_candidate_percent{class="cpu"} 36
dellfans_class_candidate_percent{class="passive_gpu"} 0
dellfans_class_candidate_percent{class="hdd"} 0
dellfans_class_candidate_percent{class="ssd"} 0

# HELP dellfans_class_proximity_floor_percent Per-class proximity-to-emergency floor (silent until temp enters approach window).
# TYPE dellfans_class_proximity_floor_percent gauge
dellfans_class_proximity_floor_percent{class="cpu"} 36
dellfans_class_proximity_floor_percent{class="passive_gpu"} 0
dellfans_class_proximity_floor_percent{class="active_gpu"} 0
dellfans_class_proximity_floor_percent{class="hdd"} 0
dellfans_class_proximity_floor_percent{class="ssd"} 0

# HELP dellfans_active_gpu_assist_percent Active-GPU intake-air assist contribution to chassis floor.
# TYPE dellfans_active_gpu_assist_percent gauge
dellfans_active_gpu_assist_percent 0

# HELP dellfans_binding_source_info Which source bound the fan decision this cycle (max-wins). 1 for the active source.
# TYPE dellfans_binding_source_info gauge
dellfans_binding_source_info{source="cpu"} 1
